------------------------------------------------------------
TimeQuest Timing Analyzer Summary
------------------------------------------------------------

Type  : Slow Model Setup 'CLOCK_50'
Slack : -3.800
TNS   : -14.133

Type  : Slow Model Setup 'KEY[0]'
Slack : -0.037
TNS   : -0.057

Type  : Slow Model Setup 'VGA|mypll|altpll_component|pll|clk[0]'
Slack : 36.836
TNS   : 0.000

Type  : Slow Model Hold 'KEY[0]'
Slack : -2.477
TNS   : -9.418

Type  : Slow Model Hold 'CLOCK_50'
Slack : 0.391
TNS   : 0.000

Type  : Slow Model Hold 'VGA|mypll|altpll_component|pll|clk[0]'
Slack : 2.895
TNS   : 0.000

Type  : Slow Model Minimum Pulse Width 'KEY[0]'
Slack : -1.222
TNS   : -1.222

Type  : Slow Model Minimum Pulse Width 'CLOCK_50'
Slack : 7.620
TNS   : 0.000

Type  : Slow Model Minimum Pulse Width 'VGA|mypll|altpll_component|pll|clk[0]'
Slack : 17.873
TNS   : 0.000

Type  : Fast Model Setup 'CLOCK_50'
Slack : -1.313
TNS   : -4.761

Type  : Fast Model Setup 'KEY[0]'
Slack : 0.958
TNS   : 0.000

Type  : Fast Model Setup 'VGA|mypll|altpll_component|pll|clk[0]'
Slack : 38.021
TNS   : 0.000

Type  : Fast Model Hold 'KEY[0]'
Slack : -1.367
TNS   : -4.992

Type  : Fast Model Hold 'CLOCK_50'
Slack : 0.191
TNS   : 0.000

Type  : Fast Model Hold 'VGA|mypll|altpll_component|pll|clk[0]'
Slack : 1.840
TNS   : 0.000

Type  : Fast Model Minimum Pulse Width 'KEY[0]'
Slack : -1.222
TNS   : -1.222

Type  : Fast Model Minimum Pulse Width 'CLOCK_50'
Slack : 7.620
TNS   : 0.000

Type  : Fast Model Minimum Pulse Width 'VGA|mypll|altpll_component|pll|clk[0]'
Slack : 17.873
TNS   : 0.000

------------------------------------------------------------
